// Vitest Snapshot v1, https://vitest.dev/guide/snapshot.html

exports[`ArticleCard > Matches Snapshot 1`] = `
"<article>
  <v-card class="mx-auto" max-width="400">
    <nuxtlink to="cool">
      <v-img class="align-end" cover="" style="height: 200px;"></v-img>
      <v-card-title class="text--primary">Cool Project</v-card-title>
    </nuxtlink>
    <v-card-text>
      <p>I learned a lot</p>
    </v-card-text>
    <v-card-actions>
      <v-btn color="primary" to="cool" variant="text"> Details </v-btn>
      <v-btn color="primary" href="https://github.com" target="_blank" variant="text"> View Project <v-icon size="small"> mdi-open-in-new </v-icon>
      </v-btn>
    </v-card-actions>
  </v-card>
</article>"
`;
