// Jest Snapshot v1, https://goo.gl/fbAQLP

exports[`index Matches Snapshot 1`] = `
"<v-row-stub tag=\\"div\\" align=\\"center\\" justify=\\"center\\">
  <v-col-stub cols=\\"12\\" tag=\\"div\\">
    <article>
      <section>
        <v-card-stub loaderheight=\\"4\\" tag=\\"div\\" class=\\"text-center\\">
          <v-card-title-stub></v-card-title-stub>
          <v-avatar-stub size=\\"162\\">
            <v-img-stub alt=\\"Mike Truso\\" lazysrc=\\"/images/miketruso.jpg\\" options=\\"[object Object]\\" position=\\"center center\\" src=\\"/images/miketruso.jpg\\" transition=\\"fade-transition\\"></v-img-stub>
          </v-avatar-stub>
          <v-card-text-stub>
            <p class=\\"text-h5\\">
              Howdy! I'm a Software Engineer based in St. Paul, MN.
              I love crafting software using Java, Groovy and JavaScript tools.
            </p>
          </v-card-text-stub>
        </v-card-stub>
      </section>
      <v-spacer-stub></v-spacer-stub>
      <section class=\\"my-5\\">
        <h2 class=\\"headline\\">
          Projects
        </h2>
        <p class=\\"text-h6\\">
          Here are a few things I've been working on in my spare time.
        </p>
        <v-row-stub tag=\\"div\\"></v-row-stub>
      </section>
    </article>
  </v-col-stub>
</v-row-stub>"
`;
